// Jest Snapshot v1, https://goo.gl/fbAQLP

exports[`<Dropdown /> expect to render a Dropdown component 1`] = `ShallowWrapper {}`;
