// Jest Snapshot v1, https://goo.gl/fbAQLP

exports[`<StatBoard /> renders a StatBoard component 1`] = `ShallowWrapper {}`;
